# mkdir -p /lib/modules/2.6.35.7
# mount -t vfat /dev/xsal /lib/modules/2.6.35.7
mount: mounting /dev/xsal on /lib/modules/2.6.35.7 failed: No such file or directory
# mount -t vfat /dev/xsa1 /lib/modules/2.6.35.7
# cd /lib/modules/2.6.35.7
# ls -la
drwxr-xr-x    4 0        0           16384 Jan  1 00:00 .
drwxr-xr-x    3 0        0               0 Jan  1 00:00 ..
drwxr-xr-x    4 0        0           16384 Apr 19  2013 .Spotlight-V100
drwxr-xr-x    2 0        0           16384 Apr 19  2013 .Trashes
-rwxr-xr-x    1 0        0            4096 Apr 19  2013 ._.Trashes
-rwxr-xr-x    1 0        0        61837584 Oct  3  2013 linux_system.ace
# mkdir test
# ls -la
drwxr-xr-x    5 0        0           16384 Jan  1 00:03 .
drwxr-xr-x    3 0        0               0 Jan  1 00:00 ..
drwxr-xr-x    4 0        0           16384 Apr 19  2013 .Spotlight-V100
drwxr-xr-x    2 0        0           16384 Apr 19  2013 .Trashes
-rwxr-xr-x    1 0        0            4096 Apr 19  2013 ._.Trashes
-rwxr-xr-x    1 0        0        61837584 Oct  3  2013 linux_system.ace
drwxr-xr-x    2 0        0           16384 Jan  1 00:03 test
# cd /
# unmount /lib/modules/2.6.35.7
/bin/sh: unmount: not found
# umount /lib/modules/2.6.35.7 
# cd /lib/modules/2.6.35.7
# ls
# mount -t vfat /dev/xsa1 /lib/modules/2.6.35.7
# cd /lib/modules/2.6.35.7
# insmod hello.ko
Hello World!
# dmesg | tail
84000000.serial: ttyUL0 at MMIO 0x84000000 (irq = 2) is a uartlite
console [ttyUL0] enabled
brd: module loaded
xsysace 83600000.sysace: Xilinx SystemACE revision 1.0.12
xsysace 83600000.sysace: capacity: 1993824 sectors
 xsa: xsa1
Xilinx SystemACE device driver, major=254
i2c /dev entries driver
Freeing unused kernel memory: 12187k freed
Hello World!
# lsmod
hello 474 0 - Live 0xd0017000
# rmmod hello
lsmodGoodbye World!
# lsmod
# dmesg       
Linux version 2.6.35.7 (sankarms@lin16-115d.ece.tamu.edu) (gcc version 4.1.2) #3 Thu Oct 3 13:03:59 CDT 2013
setup_cpuinfo: initialising
setup_cpuinfo: No PVR support. Using static CPU info from FDT
cache: wt_msr
setup_memory: max_mapnr: 0x10000
setup_memory: min_low_pfn: 0x90000
setup_memory: max_low_pfn: 0xa0000
On node 0 totalpages: 65536
free_area_init_node: node 0, pgdat c01f0518, node_mem_map c0e02000
  Normal zone: 512 pages used for memmap
  Normal zone: 0 pages reserved
  Normal zone: 65024 pages, LIFO batch:15
Built 1 zonelists in Zone order, mobility grouping on.  Total pages: 65024
Kernel command line: console=ttyUL0 root=/dev/ram
PID hash table entries: 1024 (order: 0, 4096 bytes)
Dentry cache hash table entries: 32768 (order: 5, 131072 bytes)
Inode-cache hash table entries: 16384 (order: 4, 65536 bytes)
Memory: 245292k/262144k available
Hierarchical RCU implementation.
        RCU-based detection of stalled CPUs is disabled.
        Verbose stalled-CPUs detection is disabled.
NR_IRQS:32
xlnx,xps-intc-1.00.a #0 at 0xd0000000, num_irq=3, edge=0x4
xlnx,xps-timer-1.00.a #0 at 0xd0004000, irq=0
microblaze_timer_set_mode: shutdown
microblaze_timer_set_mode: periodic
Calibrating delay loop... 36.45 BogoMIPS (lpj=182272)
pid_max: default: 4096 minimum: 301
Mount-cache hash table entries: 512
bio: create slab <bio-0> at 0
Switching to clocksource microblaze_clocksource
Skipping unavailable RESET gpio -2 (reset)
GPIO pin is already allocated
msgmni has been set to 479
io scheduler noop registered
io scheduler deadline registered
io scheduler cfq registered (default)
Serial: 8250/16550 driver, 4 ports, IRQ sharing disabled
84000000.serial: ttyUL0 at MMIO 0x84000000 (irq = 2) is a uartlite
console [ttyUL0] enabled
brd: module loaded
xsysace 83600000.sysace: Xilinx SystemACE revision 1.0.12
xsysace 83600000.sysace: capacity: 1993824 sectors
 xsa: xsa1
Xilinx SystemACE device driver, major=254
i2c /dev entries driver
Freeing unused kernel memory: 12187k freed
Hello World!
Goodbye World!
# 

